[www.micronin.com/index.html]
[backblue.gif]
[fade.gif]
[index.html]
[st.tistatic.com/ver9438/css/tradeindia/design2017/intlTelInput.css]
[st.tistatic.com/ver9438/js/mobile_site/search.js]
[st.tistatic.com/ver9438/js/utils/jquery-ui/js/jquery_ui_main.js]
[st.tistatic.com/ver9438/bower_components/jquery-ui/themes/smoothness/jquery-ui.min.css]
[st.tistatic.com/ver9438/js/catalog/slick.min.js]
[st.tistatic.com/ver9438/css/catalog/slick.css]
[www.google-analytics.com/analytics.js]
[tiimg.tistatic.com/catalogs/template108581/cate-icon.png]
[tiimg.tistatic.com/catalogs/template108581/enquiry_bg.jpg]
[tiimg.tistatic.com/images/l/4/logo_136848.jpg]
[tiimg.tistatic.com/catalogs/template140224/go.png]
[tiimg.tistatic.com/catalogs/template140224/call2.png]
[tiimg.tistatic.com/new_website1/common/lang/en.jpg]
[tiimg.tistatic.com/new_website1/common/lang/es.jpg]
[tiimg.tistatic.com/new_website1/common/lang/fr.jpg]
[tiimg.tistatic.com/new_website1/common/lang/de.jpg]
[tiimg.tistatic.com/new_website1/common/lang/it.jpg]
[tiimg.tistatic.com/new_website1/common/lang/zh_CN.jpg]
[tiimg.tistatic.com/new_website1/common/lang/ja.jpg]
[tiimg.tistatic.com/new_website1/common/lang/ko.jpg]
[tiimg.tistatic.com/new_website1/common/lang/ar.jpg]
[tiimg.tistatic.com/new_website1/common/lang/pt.jpg]
[www.micronin.com/company-profile.html]
[www.micronin.com/products.html]
[www.micronin.com/crankshaft-assembly-hydraulic-press.html]
[www.micronin.com/chp-320-motorcycle-crankshaft-assembly-hydraulic-power-press-8116457.html]
[www.micronin.com/chp-400-bike-crankshaft-assembly-hydraulic-press-8116456.html]
[www.micronin.com/abrasive-blasting-machines.html]
[www.micronin.com/pb4-abrasive-blasting-machines-8116477.html]
[www.micronin.com/pb6-abrasive-blasting-machines-8116478.html]
[www.micronin.com/pb2-robo-abrasive-blasting-machines-8116476.html]
[www.micronin.com/sg150-tappet-shim-grinding-machine-8116458.html]
[www.micronin.com/cylinder-head-valve-lapping-8116459.html]
[www.micronin.com/cws1000-cylinder-head-work-station-8116460.html]
[www.micronin.com/pneumatic-engine-valve-grinder-kit-8116461.html]
[www.micronin.com/vc555-valve-seat-leakage-vacuum-tester-8116473.html]
[www.micronin.com/connecting-rod-boring-machine-8116479.html]
[www.micronin.com/crankshaft-grinding-machine-8116485.html]
[www.micronin.com/vertical-fine-cylinder-boring-machine-8116486.html]
[www.micronin.com/surface-grinding-cum-milling-machine-8116488.html]
[www.micronin.com/valve-seat-cutting-machine.html]
[www.micronin.com/vsg5a-valve-seat-cutting-machine-8116450.html]
[www.micronin.com/vsg4a-valve-seat-cutting-machine-8116445.html]
[www.micronin.com/vscm-pro-iii-motorized-valve-seat-cutting-machine-8116441.html]
[www.micronin.com/vsg4-valve-seat-cutting-machine-8116446.html]
[www.micronin.com/vsg5plus-valve-seat-guide-machine-8116447.html]
[www.micronin.com/vscm-pro-ii-motorized-valve-seat-cutting-machine-8116443.html]
[www.micronin.com/vsg6a-valve-seat-cutting-machine-8116449.html]
[www.micronin.com/vsg6plus-valve-seat-cutting-machine-8951027.html]
[www.micronin.com/vsg6a-valve-seat-cutting-machine-8116444.html]
[www.micronin.com/vsg8x-valve-seat-cutting-machine-8116455.html]
[www.micronin.com/vsg8plus-valve-seat-cutting-machine-8116453.html]
[www.micronin.com/vsg5a-valve-seat-cutting-machine-8116448.html]
[www.micronin.com/vsg6-valve-seat-cutting-machine-8116451.html]
[www.micronin.com/vsg8-valve-seat-cutting-machine-8116452.html]
[www.micronin.com/vsg5-valve-seat-cutting-machine-8116442.html]
[www.micronin.com/contact-us.html]
[cpimg.tistatic.com/136848/5/template_photo_1.jpg]
[cpimg.tistatic.com/136848/5/template_photo_2.jpg]
[cpimg.tistatic.com/136848/5/template_photo_3.jpg]
[cpimg.tistatic.com/136848/5/template_photo_4.jpg]
[cpimg.tistatic.com/08116452/b/8/VSG8-Valve-Seat-Cutting-Machine.png]
[www.micronin.com/contact-usc599.html]
[cpimg.tistatic.com/08116449/b/4/VSG6A-Valve-Seat-Cutting-Machine.jpg]
[www.micronin.com/contact-usbfd6.html]
[cpimg.tistatic.com/08116456/b/6/CHP-400-Bike-Crankshaft-Assembly-Hydraulic-Press.jpg]
[www.micronin.com/contact-usbe0b.html]
[cpimg.tistatic.com/08116476/b/4/PB2-Robo-Abrasive-Blasting-Machines.jpg]
[www.micronin.com/contact-us18a4.html]
[cpimg.tistatic.com/08116451/b/6/VSG6-Valve-Seat-Cutting-Machine.png]
[www.micronin.com/contact-us68de.html]
[cpimg.tistatic.com/08116485/b/9/Crankshaft-Grinding-Machine.png]
[www.micronin.com/contact-us90d4.html]
[cpimg.tistatic.com/08116479/b/4/Connecting-Rod-Boring-Machine.jpg]
[www.micronin.com/contact-usf6d3.html]
[cpimg.tistatic.com/08116488/b/6/Surface-Grinding-Cum-Milling-Machine.png]
[www.micronin.com/contact-us9400.html]
[cpimg.tistatic.com/08116473/b/4/VC555-Valve-Seat-Leakage-Vacuum-Tester.jpg]
[www.micronin.com/contact-us3e79.html]
[cpimg.tistatic.com/08116459/b/4/Cylinder-Head-Valve-Lapping.jpg]
[www.micronin.com/contact-usb81c.html]
[tiimg.tistatic.com/catalogs/template140224/add-icon.png]
[tiimg.tistatic.com/catalogs/template140224/key-icon.png]
[st.tistatic.com/ver9438/js/utils/tooltip/wz_tooltip.js]
[st.tistatic.com/ver9438/js/utils/tooltip/tip_balloon.js]
[tiimg.tistatic.com/catalogs/template140224/inquiry-icon.png]
[www.micronin.com/utils/sms_nowa57a.html]
[tiimg.tistatic.com/catalogs/template140224/email.png]
[tiimg.tistatic.com/catalogs/template140224/call.png]
[www.micronin.com/sitemap.html]
[tiimg.tistatic.com/new_website1/tradeindiamember.jpg]
[tiimg.tistatic.com/catalogs/js/140224/theme.js]
[tiimg.tistatic.com/fm/6673643/up.png]
[st.tistatic.com/ver9438/js/tradeindia/design2017/intlTelInput.js]
[st.tistatic.com/ver9438/js/payments/jquery.validate.js]
[st.tistatic.com/ver9438/css/catalog/request_a_callback.css]
[tiimg.tistatic.com/new_website1/catalogs/common-icons/Arrow.jpg]
[www.micronin.com/index.html]
[www.micronin.com/component/utils/attachment_popup4e3e.html]
[tiimg.tistatic.com/new_website1/ti-design-2017/images/flags/flags.png]
[tiimg.tistatic.com/new_website1/ti-design-2017/images/flags/flags@2x.png]
[st.tistatic.com/ver9438/css/tradeindia/design2017/intlTelInput.css]
[st.tistatic.com/ver9438/bower_components/jquery-ui/themes/smoothness/images/ui-bg_highlight-soft_75_cccccc_1x100.png]
[st.tistatic.com/ver9438/bower_components/jquery-ui/themes/smoothness/images/ui-bg_glass_75_e6e6e6_1x400.png]
[st.tistatic.com/ver9438/bower_components/jquery-ui/themes/smoothness/images/ui-bg_glass_75_dadada_1x400.png]
[st.tistatic.com/ver9438/bower_components/jquery-ui/themes/smoothness/images/ui-bg_glass_65_ffffff_1x400.png]
[st.tistatic.com/ver9438/bower_components/jquery-ui/themes/smoothness/images/ui-bg_glass_55_fbf9ee_1x400.png]
[st.tistatic.com/ver9438/bower_components/jquery-ui/themes/smoothness/images/ui-bg_glass_95_fef1ec_1x400.png]
[st.tistatic.com/ver9438/bower_components/jquery-ui/themes/smoothness/images/ui-icons_222222_256x240.png]
[st.tistatic.com/ver9438/bower_components/jquery-ui/themes/smoothness/images/ui-icons_454545_256x240.png]
[st.tistatic.com/ver9438/bower_components/jquery-ui/themes/smoothness/images/ui-icons_2e83ff_256x240.png]
[st.tistatic.com/ver9438/bower_components/jquery-ui/themes/smoothness/images/ui-icons_cd0a0a_256x240.png]
[st.tistatic.com/ver9438/bower_components/jquery-ui/themes/smoothness/images/ui-icons_888888_256x240.png]
[st.tistatic.com/ver9438/bower_components/jquery-ui/themes/smoothness/jquery-ui.min.css]
[st.tistatic.com/ver9438/css/catalog/slick.css]
[www.micronin.com/Trident/index.html]
[www.micronin.com/theme1/lang-arrow.html]
[www.micronin.com/theme1/nav-divider.html]
[www.micronin.com/theme1/go.html]
[www.micronin.com/theme1/cross-btn.html]
[orig-st-gce.tradeindia.com/ver9438/js/mobile_site/search.js]
[orig-st-gce.tradeindia.com/ver9438/js/utils/jquery-ui/js/jquery_ui_main.js]
[orig-st-gce.tradeindia.com/ver9438/js/catalog/slick.min.js]
[orig-img-gce.tradeindia.com/catalogs/template108581/cate-icon.png]
[orig-img-gce.tradeindia.com/catalogs/template108581/enquiry_bg.jpg]
[orig-img-gce.tradeindia.com/images/l/4/logo_136848.jpg]
[orig-img-gce.tradeindia.com/catalogs/template140224/go.png]
[orig-img-gce.tradeindia.com/catalogs/template140224/call2.png]
[orig-img-gce.tradeindia.com/new_website1/common/lang/en.jpg]
[orig-img-gce.tradeindia.com/new_website1/common/lang/es.jpg]
[orig-img-gce.tradeindia.com/new_website1/common/lang/fr.jpg]
[orig-img-gce.tradeindia.com/new_website1/common/lang/de.jpg]
[orig-img-gce.tradeindia.com/new_website1/common/lang/it.jpg]
[orig-img-gce.tradeindia.com/new_website1/common/lang/zh_CN.jpg]
[orig-img-gce.tradeindia.com/new_website1/common/lang/ja.jpg]
[orig-img-gce.tradeindia.com/new_website1/common/lang/ko.jpg]
[orig-img-gce.tradeindia.com/new_website1/common/lang/ar.jpg]
[orig-img-gce.tradeindia.com/new_website1/common/lang/pt.jpg]
[orig-img-gce.tradeindia.com/catalogs/template140224/add-icon.png]
[orig-img-gce.tradeindia.com/catalogs/template140224/key-icon.png]
[orig-st-gce.tradeindia.com/ver9438/js/utils/tooltip/wz_tooltip.js]
[orig-st-gce.tradeindia.com/ver9438/js/utils/tooltip/tip_balloon.js]
[orig-img-gce.tradeindia.com/catalogs/template140224/inquiry-icon.png]
[orig-img-gce.tradeindia.com/catalogs/template140224/email.png]
[orig-img-gce.tradeindia.com/new_website1/tradeindiamember.gif]
[orig-img-gce.tradeindia.com/fm/6673643/up.png]
[orig-st-gce.tradeindia.com/ver9438/js/tradeindia/design2017/intlTelInput.js]
[orig-st-gce.tradeindia.com/ver9438/js/payments/jquery.validate.js]
[www.micronin.com/component/utils/attachment_popupba09.html]
[orig-img-gce.tradeindia.com/new_website1/catalogs/common-icons/Arrow.png]
[www.micronin.com/company-profile.html]
[orig-img-gce.tradeindia.com/catalogs/template140224/cate-icon.png]
[orig-img-gce.tradeindia.com/catalogs/template140224/enquiry_bg_hover.jpg]
[orig-img-gce.tradeindia.com/catalogs/template140224/enquiry_bg.jpg]
[opimg-gce.tradeindia.com/08116456/b/6/CHP-400-Bike-Crankshaft-Assembly-Hydraulic-Press.jpg]
[opimg-gce.tradeindia.com/08116476/b/4/PB2-Robo-Abrasive-Blasting-Machines.jpg]
[opimg-gce.tradeindia.com/08116458/b/4/SG150-Tappet-Shim-Grinding-Machine.jpg]
[opimg-gce.tradeindia.com/08116459/b/4/Cylinder-Head-Valve-Lapping.jpg]
[opimg-gce.tradeindia.com/08116460/b/4/CWS1000-Cylinder-Head-Work-Station.jpg]
[opimg-gce.tradeindia.com/08116461/b/4/Pneumatic-Engine-Valve-Grinder-Kit.jpg]
[opimg-gce.tradeindia.com/08116473/b/4/VC555-Valve-Seat-Leakage-Vacuum-Tester.jpg]
[opimg-gce.tradeindia.com/08116479/b/4/Connecting-Rod-Boring-Machine.jpg]
[opimg-gce.tradeindia.com/08116485/b/9/Crankshaft-Grinding-Machine.png]
[opimg-gce.tradeindia.com/08116486/b/4/Vertical-Fine-Cylinder-Boring-Machine.jpg]
[opimg-gce.tradeindia.com/08116488/b/6/Surface-Grinding-Cum-Milling-Machine.png]
[opimg-gce.tradeindia.com/08951027/b/5/VSG6Plus-Valve-Seat-Cutting-Machine.png]
[www.micronin.com/products.html]
[opimg-gce.tradeindia.com/08116457/b/4/CHP-320-Motorcycle-Crankshaft-Assembly-Hydraulic-Power-Press.jpg]
[www.micronin.com/Exporters_Suppliers/Exporters/hp/CATALOGID/crankshaft-assembly-hydraulic-press.html]
[orig-st-gce.tradeindia.com/ver9438/js/catalog_send_inquiry/inquiry_popup.js]
[www.micronin.com/crankshaft-assembly-hydraulic-press.html]
[orig-st-gce.tradeindia.com/ver9438/js/utils/jquery.js]
[orig-st-gce.tradeindia.com/ver9438/js/inquiry-form.js]
[orig-st-gce.tradeindia.com/ver9438/js/utils/jquery-plugins/jquery.cookie.js]
[orig-st-gce.tradeindia.com/ver9438/js/catalog/custom_function.js]
[orig-st-gce.tradeindia.com/ver9438/js/catalog/jssocials.min.js]
[www.micronin.com/Exporters_Suppliers/Exporters/hp/scripts/send_inquiry_popupb456.html]
[www.micronin.com/component/utils/attachment_popup8196.html]
[opimg-gce.tradeindia.com/08116456/b/6/CHP-400-Bike-Crankshaft-Assembly-Hydraulic-Press9365.jpg]
[www.micronin.com/chp-320-motorcycle-crankshaft-assembly-hydraulic-power-press-8116457.html]
[opimg-gce.tradeindia.com/08116457/b/4/CHP-320-Motorcycle-Crankshaft-Assembly-Hydraulic-Power-Press9365.jpg]
[www.micronin.com/chp-400-bike-crankshaft-assembly-hydraulic-press-8116456.html]
[opimg-gce.tradeindia.com/08116477/b/4/PB4-Abrasive-Blasting-Machines.jpg]
[opimg-gce.tradeindia.com/08116478/b/4/PB6-Abrasive-Blasting-Machines.jpg]
[www.micronin.com/abrasive-blasting-machines.html]
[opimg-gce.tradeindia.com/08116476/b/4/PB2-Robo-Abrasive-Blasting-Machines9365.jpg]
[opimg-gce.tradeindia.com/08116478/b/4/PB6-Abrasive-Blasting-Machines9365.jpg]
[www.micronin.com/pb4-abrasive-blasting-machines-8116477.html]
[opimg-gce.tradeindia.com/08116477/b/4/PB4-Abrasive-Blasting-Machines9365.jpg]
[www.micronin.com/pb6-abrasive-blasting-machines-8116478.html]
[www.micronin.com/pb2-robo-abrasive-blasting-machines-8116476.html]
[www.micronin.com/sg150-tappet-shim-grinding-machine-8116458.html]
[www.micronin.com/cylinder-head-valve-lapping-8116459.html]
[www.micronin.com/cws1000-cylinder-head-work-station-8116460.html]
[www.micronin.com/pneumatic-engine-valve-grinder-kit-8116461.html]
[www.micronin.com/vc555-valve-seat-leakage-vacuum-tester-8116473.html]
[www.micronin.com/connecting-rod-boring-machine-8116479.html]
[opimg-gce.tradeindia.com/08943420/s/9/extra-08943420.png]
[opimg-gce.tradeindia.com/08943420/b/9/extra-08943420.png]
[www.micronin.com/crankshaft-grinding-machine-8116485.html]
[www.micronin.com/vertical-fine-cylinder-boring-machine-8116486.html]
[www.micronin.com/surface-grinding-cum-milling-machine-8116488.html]
[opimg-gce.tradeindia.com/08116450/b/4/Vsg5a-Valve-Seat-Cutting-Machine.jpg]
[opimg-gce.tradeindia.com/08116445/b/4/VSG4A-Valve-Seat-Cutting-Machine.jpg]
[opimg-gce.tradeindia.com/08116441/b/4/Vscm-Pro-III-Motorized-Valve-Seat-Cutting-Machine.jpg]
[opimg-gce.tradeindia.com/08116446/b/4/Vsg4-Valve-Seat-Cutting-Machine.jpg]
[opimg-gce.tradeindia.com/08116447/b/7/VSG5Plus-Valve-Seat-Guide-Machine.jpg]
[opimg-gce.tradeindia.com/08116443/b/4/Vscm-Pro-II-Motorized-Valve-Seat-Cutting-Machine.jpg]
[opimg-gce.tradeindia.com/08116449/b/4/VSG6A-Valve-Seat-Cutting-Machine.jpg]
[opimg-gce.tradeindia.com/08116444/b/5/Vsg6a-Valve-Seat-Cutting-Machine.jpg]
[opimg-gce.tradeindia.com/08116455/b/7/VSG8X-Valve-Seat-Cutting-Machine.jpg]
[opimg-gce.tradeindia.com/08116453/b/7/VSG8Plus-Valve-Seat-Cutting-Machine.png]
[opimg-gce.tradeindia.com/08116448/b/4/VSG5A-Valve-Seat-Cutting-Machine.jpg]
[opimg-gce.tradeindia.com/08116451/b/6/VSG6-Valve-Seat-Cutting-Machine.png]
[opimg-gce.tradeindia.com/08116452/b/8/VSG8-Valve-Seat-Cutting-Machine.png]
[opimg-gce.tradeindia.com/08116442/b/4/VSG5-Valve-Seat-Cutting-Machine.jpg]
[www.micronin.com/valve-seat-cutting-machine.html]
[opimg-gce.tradeindia.com/08116453/b/7/VSG8Plus-Valve-Seat-Cutting-Machine9365.png]
[opimg-gce.tradeindia.com/08116446/b/4/Vsg4-Valve-Seat-Cutting-Machine9365.jpg]
[opimg-gce.tradeindia.com/08116442/b/4/VSG5-Valve-Seat-Cutting-Machine9365.jpg]
[opimg-gce.tradeindia.com/08116448/b/4/VSG5A-Valve-Seat-Cutting-Machine9365.jpg]
[www.micronin.com/vsg5a-valve-seat-cutting-machine-8116450.html]
[opimg-gce.tradeindia.com/08116443/b/4/Vscm-Pro-II-Motorized-Valve-Seat-Cutting-Machine9365.jpg]
[opimg-gce.tradeindia.com/08116444/b/5/Vsg6a-Valve-Seat-Cutting-Machine9365.jpg]
[opimg-gce.tradeindia.com/08116450/b/4/Vsg5a-Valve-Seat-Cutting-Machine9365.jpg]
[www.micronin.com/vsg4a-valve-seat-cutting-machine-8116445.html]
[opimg-gce.tradeindia.com/08116451/b/6/VSG6-Valve-Seat-Cutting-Machine9365.png]
[www.micronin.com/vscm-pro-iii-motorized-valve-seat-cutting-machine-8116441.html]
[opimg-gce.tradeindia.com/08116441/b/4/Vscm-Pro-III-Motorized-Valve-Seat-Cutting-Machine9365.jpg]
[opimg-gce.tradeindia.com/08116447/b/7/VSG5Plus-Valve-Seat-Guide-Machine9365.jpg]
[www.micronin.com/vsg4-valve-seat-cutting-machine-8116446.html]
[opimg-gce.tradeindia.com/08116445/b/4/VSG4A-Valve-Seat-Cutting-Machine9365.jpg]
[www.micronin.com/vsg5plus-valve-seat-guide-machine-8116447.html]
[www.micronin.com/vscm-pro-ii-motorized-valve-seat-cutting-machine-8116443.html]
[www.micronin.com/vsg6a-valve-seat-cutting-machine-8116449.html]
[www.micronin.com/vsg6plus-valve-seat-cutting-machine-8951027.html]
[opimg-gce.tradeindia.com/08116455/b/7/VSG8X-Valve-Seat-Cutting-Machine9365.jpg]
[www.micronin.com/vsg6a-valve-seat-cutting-machine-8116444.html]
[www.micronin.com/vsg8x-valve-seat-cutting-machine-8116455.html]
[www.micronin.com/vsg8plus-valve-seat-cutting-machine-8116453.html]
[www.micronin.com/vsg5a-valve-seat-cutting-machine-8116448.html]
[www.micronin.com/vsg6-valve-seat-cutting-machine-8116451.html]
[opimg-gce.tradeindia.com/08775454/s/8/extra-08775454.png]
[opimg-gce.tradeindia.com/08775454/b/8/extra-08775454.png]
[www.micronin.com/vsg8-valve-seat-cutting-machine-8116452.html]
[www.micronin.com/vsg5-valve-seat-cutting-machine-8116442.html]
[orig-img-gce.tradeindia.com/new_website1/design2023/catalog/successfully-done.gif]
[orig-st-gce.tradeindia.com/ver9299/js/tradeindia/design2017/intlTelInput.js]
[www.micronin.com/contact-us.html]
[www.micronin.com/contact-usc599.html]
[www.micronin.com/contact-usbfd6.html]
[www.micronin.com/contact-usbe0b.html]
[www.micronin.com/contact-us18a4.html]
[cpimg.tistatic.com/136848/5/template_photo_5.jpg]
[cpimg.tistatic.com/136848/5/template_photo_6.jpg]
[www.micronin.com/contact-us68de.html]
[www.micronin.com/contact-us90d4.html]
[www.micronin.com/contact-usf6d3.html]
[www.micronin.com/contact-us9400.html]
[www.micronin.com/contact-us3e79.html]
[www.micronin.com/contact-usb81c.html]
[st.tistatic.com/ver9438/combine_css_js74fa.css]
[st.tistatic.com/ver9438/js/c2c/CallmePopup.js]
[st.tistatic.com/ver9438/combine_css_jsc64b.css]
[st.tistatic.com/ver9438/combine_css_js6da1.php]
[st.tistatic.com/ver9438/js/utils/jquery.js]
[st.tistatic.com/ver9438/combine_css_jscc4f.css]
[st.tistatic.com/ver9438/combine_css_js56b2.php]
[st.tistatic.com/ver9438/js/utils/jquery-ui/images/pbar-ani.gif]
[tiimg.tistatic.com/new_website1/common/send-sms.jpg]
[st.tistatic.com/ver9438/combine_css_js3fe6.php]
[www.googleadservices.com/pagead/f.txt]
[www.micronin.com/utils/sms_nowa57a.html]
[www.micronin.com/sitemap.html]
[tiimg.tistatic.com/new_website1/ti-design/images/down-arrow-icon.png]
[st.tistatic.com/ver9438/css/catalog/request_a_callback.css]
[img.tradeindia.com/new_website1/general/closebutton.gif]
[www.micronin.com/component/utils/attachment_popup4e3e.html]
[orig-st-gce.tradeindia.com/ver9438/css/tradeindia/design2017/intlTelInput.css]
[orig-st-gce.tradeindia.com/ver9438/bower_components/jquery-ui/themes/smoothness/images/ui-bg_highlight-soft_75_cccccc_1x100.png]
[orig-st-gce.tradeindia.com/ver9438/bower_components/jquery-ui/themes/smoothness/images/ui-bg_glass_75_e6e6e6_1x400.png]
[orig-st-gce.tradeindia.com/ver9438/bower_components/jquery-ui/themes/smoothness/images/ui-bg_glass_75_dadada_1x400.png]
[orig-st-gce.tradeindia.com/ver9438/bower_components/jquery-ui/themes/smoothness/images/ui-bg_glass_65_ffffff_1x400.png]
[orig-st-gce.tradeindia.com/ver9438/bower_components/jquery-ui/themes/smoothness/images/ui-bg_glass_55_fbf9ee_1x400.png]
[orig-st-gce.tradeindia.com/ver9438/bower_components/jquery-ui/themes/smoothness/images/ui-bg_glass_95_fef1ec_1x400.png]
[orig-st-gce.tradeindia.com/ver9438/bower_components/jquery-ui/themes/smoothness/images/ui-icons_222222_256x240.png]
[orig-st-gce.tradeindia.com/ver9438/bower_components/jquery-ui/themes/smoothness/images/ui-icons_454545_256x240.png]
[orig-st-gce.tradeindia.com/ver9438/bower_components/jquery-ui/themes/smoothness/images/ui-icons_2e83ff_256x240.png]
[orig-st-gce.tradeindia.com/ver9438/bower_components/jquery-ui/themes/smoothness/images/ui-icons_cd0a0a_256x240.png]
[orig-st-gce.tradeindia.com/ver9438/bower_components/jquery-ui/themes/smoothness/images/ui-icons_888888_256x240.png]
[orig-st-gce.tradeindia.com/ver9438/bower_components/jquery-ui/themes/smoothness/jquery-ui.min.css]
[orig-st-gce.tradeindia.com/ver9438/css/catalog/slick.css]
[orig-st-gce.tradeindia.com/ver9438/css/catalog/request_a_callback.css]
[www.micronin.com/component/utils/attachment_popupba09.html]
[orig-st-gce.tradeindia.com/ver9438/css/catalog/breadcrumb.css]
[orig-st-gce.tradeindia.com/ver9438/css/catalog_send_inquiry/inquiry_popup.css]
[orig-st-gce.tradeindia.com/ver9438/css/catalog_category_page/full_list_view.css]
[www.micronin.com/Exporters_Suppliers/Exporters/hp/CATALOGID/crankshaft-assembly-hydraulic-press.html]
[orig-st-gce.tradeindia.com/ver9438/css/catalog/get-price.css]
[thestagingurl.tradeindia.com/custom_headers/gallery/dist/simple-lightbox.html]
[tiimg.tistatic.com/new_website1/common/send-inq.jpg]
[orig-st-gce.tradeindia.com/ver9438/css/contact_us_form.css]
[tiimg.tistatic.com/new_website1/showroom-page/left-arrow.png]
[tiimg.tistatic.com/new_website1/showroom-page/right-arrow.png]
[tiimg.tistatic.com/new_website1/ti-design/catalog/images/video-icon.png]
[orig-st-gce.tradeindia.com/ver9438/css/catalog/theme1.css]
[orig-st-gce.tradeindia.com/ver9438/css/catalog/jssocials.css]
[st.tistatic.com/ver9438/css/inquiry-form-popup.css]
[st.tistatic.com/ver9438/js/utils/jquery-ui/css/sunny/jquery_ui_sunny.css]
[st.tistatic.com/ver9438/js/catalog/send_inquiry.js]
[www.micronin.com/Exporters_Suppliers/Exporters/hp/scripts/send_inquiry_popupb456.html]
[orig-st-gce.tradeindia.com/ver9438/css/catalog/fixed_send_inq.css]
[www.micronin.com/component/utils/attachment_popup8196.html]
[orig-st-gce.tradeindia.com/ver9438/css/catalog/contact_us_new_min.css]
[orig-st-gce.tradeindia.com/ver9438/js/utils/jquery-ui/css/sunny/jquery_ui_sunny.css]
[st.tistatic.com/ver9438/js/tradeindia/design2017/seller-profile/jquery-ui-min.js]
[img.tradeindia.com/new_website1/ti-design-2017/images/down-arrow.png]
[orig-st-gce.tradeindia.com/ver9438/css/inquiry-form.css]
[tiimg.tistatic.com/new_website1/ti-new-design-ver3/send-sms-icon.png]
[tiimg.tistatic.com/new_website1/ti-new-design-ver3/template-sprite-v1.png]
[tiimg.tistatic.com/new_website1/ti-new-design-ver3/list-arrow.png]
[tiimg.tistatic.com/new_website1/ti-new-design-ver3/buyer-section-icon.png]
[tiimg.tistatic.com/new_website1/ti-new-design-ver3/search-icon.jpg]
[tiimg.tistatic.com/new_website1/common/form_input.jpg]
[tiimg.tistatic.com/new_website1/common/tips-arow.png]
[tiimg.tistatic.com/new_website1/ti-homepage-ver4/header-images/mobile-app-icon.jpg]
[tiimg.tistatic.com/new_website1/ti-new-design-ver3/footer-base-line.jpg]
[st.tistatic.com/ver9438/combine_css_js74fa.css]
[tiimg.tistatic.com/tradeindia.com/2008/images/c.jpg]
[tiimg.tistatic.com/tradeindia.com/2008/images/b.jpg]
[st.tistatic.com/ver9438/combine_css_jsc64b.css]
[tiimg.tistatic.com/new_website1/ti-homepage-ver4/flags16.png]
[st.tistatic.com/ver9438/combine_css_jscc4f.css]
[orig-st-gce.tradeindia.com/ver9438/css/catalog/sitemap.css]
[orig-st-gce.tradeindia.com/ver9185/css/catalog/theme1.css]
[orig-st-gce.tradeindia.com/ver9438/css/images/left-arrow.html]
[orig-st-gce.tradeindia.com/ver9438/css/images/right-arrow.html]
[st.tistatic.com/ver9438/css/inquiry-form-popup.css]
[st.tistatic.com/ver9438/js/utils/jquery-ui/css/sunny/jquery_ui_sunny.css]
[st.tistatic.com/ver9438/chromebg.html]
[st.tistatic.com/ver9438/chromebg-over.html]
[st.tistatic.com/ver9438/ie-css3.html]
[orig-st-gce.tradeindia.com/ver9185/css/images/left-arrow.html]
[orig-st-gce.tradeindia.com/ver9185/css/images/right-arrow.html]
